// Jest Snapshot v1, https://goo.gl/fbAQLP

exports[`renders action modal 1`] = `
<div
  aria-modal="true"
  class="fade action-modal modal show"
  role="dialog"
  style="display: block;"
  tabindex="-1"
>
  <div
    class="modal-dialog"
    role="document"
  >
    <div
      class="modal-content"
    >
      <div
        class="header modal-header"
      >
        <h2>
          Do you really want to do this?
        </h2>
      </div>
      <div
        class="modal-body"
      >
        Will happen if you do
        <div
          class="float-right"
        >
          <button
            class="btn btn-blue-text"
            type="button"
          >
            No, cancel
          </button>
          <button
            class="btn btn-primary"
          >
            Yes, do
          </button>
        </div>
      </div>
    </div>
  </div>
</div>
`;
